_t0 = 1 + 2
_t1 = _t0 + 3
a = _t1
_t2 = - 1
_t3 = a * _t2
b = _t3
