ifFalse b == 1 goto _L0
_t0 = 1 + 2
a = _t0
goto _L1
_L0
_t1 = 1 * 2
a = _t1
_L1
