goto _L0
_L2
a = 0
goto _L1
_L0
if 0 == 0 goto _L2
_L1
