goto _L0
_L2
a = 0
goto _L1
_L3
a = 1
goto _L1
_L4
a = 2
goto _L1
_L5
a = 3
goto _L1
_L0
if 0 == 0 goto _L2
if 0 == 1 goto _L3
if 0 == 2 goto _L4
goto _L5
_L1
