goto _L0
_L3
goto _L1
_L0
a = 1
goto _L2
_L1
a = 0
_L2
