a = 10
_L0
if a > 0 goto _L3
goto _L2
_L3
goto _L1
_L1
_t0 = a - 1
a = _t0
goto _L0
_L2
