a = 10
_L0
goto _L1
_L1
_t0 = a - 1
a = _t0
goto _L0
_L2
