goto _L2
_L2
if a > 5 goto _L0
goto _L1
_L0
a = 1
if a < 5 goto _L3
goto _L4
_L3
goto _L5
_L4
_t0 = a + 1
a = _t0
_L5
_L1
